---
source: src/scheduler.rs
expression: prepare_command
---
JobDescription {
    command: "echo loco",
    output: STDOUT,
    environment: Test,
}
