---
source: src/worker.rs
expression: default_queues
---
[
    "default",
    "mailer",
]
