---
source: src/scheduler.rs
expression: prepare_command
---
JobDescription {
    command: "[BIN_PATH] task foo LOCO_ENV:test SCHEDULER:true",
    output: STDOUT,
    environment: Test,
}
