---
source: src/worker.rs
expression: merged_queues
---
[
    "default",
    "mailer",
    "foo",
    "bar",
]
