---
source: src/validation.rs
expression: data.validate().map_err(into_db_error)
---
Err(
    Custom(
        "{\"name\":[{\"code\":\"length\",\"message\":\"Invalid min characters long.\"}]}",
    ),
)
