---
source: src/controller/middleware/remote_ip.rs
expression: res
---
Some(
    19.84.19.84,
)
