---
source: src/controller/middleware/request_id.rs
expression: id
---
"foo-barbaz"
