---
source: src/controller/middleware/remote_ip.rs
expression: res
---
None
